[debug] [2026-05-18T06:20:04.205Z] ----------------------------------------------------------------------
[debug] [2026-05-18T06:20:04.209Z] Command:       C:\Program Files\nodejs\node.exe C:\Users\Jhonatan\AppData\Roaming\npm\node_modules\firebase-tools\lib\bin\firebase.js emulators:start --project demo-carpoolapp
[debug] [2026-05-18T06:20:04.209Z] CLI Version:   15.18.0
[debug] [2026-05-18T06:20:04.209Z] Platform:      win32
[debug] [2026-05-18T06:20:04.209Z] Node Version:  v24.14.1
[debug] [2026-05-18T06:20:04.210Z] Time:          Mon May 18 2026 01:20:04 GMT-0500 (hora estándar de Colombia)
[debug] [2026-05-18T06:20:04.210Z] ----------------------------------------------------------------------
[debug] 
[debug] [2026-05-18T06:20:04.212Z] >>> [apiv2][query] GET https://firebase-public.firebaseio.com/cli.json [none]
[debug] [2026-05-18T06:20:05.369Z] openjdk version "25.0.3" 2026-04-21 LTS
OpenJDK Runtime Environment Temurin-25.0.3+9 (build 25.0.3+9-LTS)

[debug] [2026-05-18T06:20:05.370Z] OpenJDK 64-Bit Server VM Temurin-25.0.3+9 (build 25.0.3+9-LTS, mixed mode, sharing)

[debug] [2026-05-18T06:20:05.383Z] Parsed Java major version: 25
[info] i  emulators: Starting emulators: auth, firestore {"metadata":{"emulator":{"name":"hub"},"message":"Starting emulators: auth, firestore"}}
[info] i  emulators: Detected demo project ID "demo-carpoolapp", emulated services will use a demo configuration and attempts to access non-emulated services for this project will fail. {"metadata":{"emulator":{"name":"hub"},"message":"Detected demo project ID \"demo-carpoolapp\", emulated services will use a demo configuration and attempts to access non-emulated services for this project will fail."}}
[debug] [2026-05-18T06:20:05.396Z] [logging] Logging Emulator only supports listening on one address (127.0.0.1). Not listening on ::1
[debug] [2026-05-18T06:20:05.396Z] [auth] Authentication Emulator only supports listening on one address (127.0.0.1). Not listening on ::1
[debug] [2026-05-18T06:20:05.396Z] [firestore] Firestore Emulator only supports listening on one address (127.0.0.1). Not listening on ::1
[debug] [2026-05-18T06:20:05.396Z] [firestore.websocket] websocket server for firestore only supports listening on one address (127.0.0.1). Not listening on ::1
[debug] [2026-05-18T06:20:05.397Z] assigned listening specs for emulators {"user":{"hub":[{"address":"127.0.0.1","family":"IPv4","port":4400},{"address":"::1","family":"IPv6","port":4400}],"ui":[{"address":"127.0.0.1","family":"IPv4","port":4000},{"address":"::1","family":"IPv6","port":4000}],"logging":[{"address":"127.0.0.1","family":"IPv4","port":4500}],"auth":[{"address":"127.0.0.1","family":"IPv4","port":9099}],"firestore":[{"address":"127.0.0.1","family":"IPv4","port":8080}],"firestore.websocket":[{"address":"127.0.0.1","family":"IPv4","port":9150}]},"metadata":{"message":"assigned listening specs for emulators"}}
[debug] [2026-05-18T06:20:05.400Z] Write emulator hub locator at C:\Users\Jhonatan\AppData\Local\Temp\hub-demo-carpoolapp.json
[info] i  firestore: downloading cloud-firestore-emulator-v1.21.0.jar... {"metadata":{"emulator":{"name":"firestore"},"message":"downloading cloud-firestore-emulator-v1.21.0.jar..."}}
[debug] [2026-05-18T06:20:05.408Z] >>> [apiv2][query] GET https://storage.googleapis.com/firebase-preview-drop/emulator/cloud-firestore-emulator-v1.21.0.jar 
[debug] [2026-05-18T06:20:05.642Z] <<< [apiv2][status] GET https://firebase-public.firebaseio.com/cli.json 200
[debug] [2026-05-18T06:20:05.642Z] <<< [apiv2][body] GET https://firebase-public.firebaseio.com/cli.json {"cloudBuildErrorAfter":1594252800000,"cloudBuildWarnAfter":1590019200000,"defaultNode10After":1594252800000,"minVersion":"3.0.5","node8DeploysDisabledAfter":1613390400000,"node8RuntimeDisabledAfter":1615809600000,"node8WarnAfter":1600128000000}
[debug] [2026-05-18T06:20:05.796Z] <<< [apiv2][status] GET https://storage.googleapis.com/firebase-preview-drop/emulator/cloud-firestore-emulator-v1.21.0.jar 200
[debug] [2026-05-18T06:20:05.796Z] <<< [apiv2][body] GET https://storage.googleapis.com/firebase-preview-drop/emulator/cloud-firestore-emulator-v1.21.0.jar [stream]
[debug] [2026-05-18T06:20:13.489Z] Ignoring unsupported arg: auto_download {"metadata":{"emulator":{"name":"firestore"},"message":"Ignoring unsupported arg: auto_download"}}
[debug] [2026-05-18T06:20:13.490Z] Ignoring unsupported arg: single_project_mode_error {"metadata":{"emulator":{"name":"firestore"},"message":"Ignoring unsupported arg: single_project_mode_error"}}
[debug] [2026-05-18T06:20:13.490Z] Starting Firestore Emulator with command {"binary":"java","args":["-Dgoogle.cloud_firestore.debug_log_level=FINE","-Duser.language=en","-jar","C:\\Users\\Jhonatan\\.cache\\firebase\\emulators\\cloud-firestore-emulator-v1.21.0.jar","--host","127.0.0.1","--port",8080,"--websocket_port",9150,"--database-edition","standard","--project_id","demo-carpoolapp","--rules","D:\\CENDI\\Proyecto RutaCompartida\\CarpoolApp\\firestore.rules","--single_project_mode",true],"optionalArgs":["port","webchannel_port","host","rules","websocket_port","database-edition","functions_emulator","seed_from_export","project_id","single_project_mode"],"joinArgs":false,"shell":false,"port":8080} {"metadata":{"emulator":{"name":"firestore"},"message":"Starting Firestore Emulator with command {\"binary\":\"java\",\"args\":[\"-Dgoogle.cloud_firestore.debug_log_level=FINE\",\"-Duser.language=en\",\"-jar\",\"C:\\\\Users\\\\Jhonatan\\\\.cache\\\\firebase\\\\emulators\\\\cloud-firestore-emulator-v1.21.0.jar\",\"--host\",\"127.0.0.1\",\"--port\",8080,\"--websocket_port\",9150,\"--database-edition\",\"standard\",\"--project_id\",\"demo-carpoolapp\",\"--rules\",\"D:\\\\CENDI\\\\Proyecto RutaCompartida\\\\CarpoolApp\\\\firestore.rules\",\"--single_project_mode\",true],\"optionalArgs\":[\"port\",\"webchannel_port\",\"host\",\"rules\",\"websocket_port\",\"database-edition\",\"functions_emulator\",\"seed_from_export\",\"project_id\",\"single_project_mode\"],\"joinArgs\":false,\"shell\":false,\"port\":8080}"}}
[info] i  firestore: Firestore Emulator logging to firestore-debug.log {"metadata":{"emulator":{"name":"firestore"},"message":"Firestore Emulator logging to \u001b[1mfirestore-debug.log\u001b[22m"}}
[debug] [2026-05-18T06:20:16.722Z] WARNING: A terminally deprecated method in sun.misc.Unsafe has been called
WARNING: sun.misc.Unsafe::allocateMemory has been called by io.netty.util.internal.PlatformDependent0$2 (file:/C:/Users/Jhonatan/.cache/firebase/emulators/cloud-firestore-emulator-v1.21.0.jar)
WARNING: Please consider reporting this to the maintainers of class io.netty.util.internal.PlatformDependent0$2
WARNING: sun.misc.Unsafe::allocateMemory will be removed in a future release
 {"metadata":{"emulator":{"name":"firestore"},"message":"WARNING: A terminally deprecated method in sun.misc.Unsafe has been called\nWARNING: sun.misc.Unsafe::allocateMemory has been called by io.netty.util.internal.PlatformDependent0$2 (file:/C:/Users/Jhonatan/.cache/firebase/emulators/cloud-firestore-emulator-v1.21.0.jar)\nWARNING: Please consider reporting this to the maintainers of class io.netty.util.internal.PlatformDependent0$2\nWARNING: sun.misc.Unsafe::allocateMemory will be removed in a future release\r\n"}}
[debug] [2026-05-18T06:20:21.394Z] May 18, 2026 1:20:21 AM com.google.cloud.datastore.emulator.firestore.websocket.WebSocketServer start
INFO: Started WebSocket server on ws://127.0.0.1:9150
 {"metadata":{"emulator":{"name":"firestore"},"message":"May 18, 2026 1:20:21 AM com.google.cloud.datastore.emulator.firestore.websocket.WebSocketServer start\r\nINFO: Started WebSocket server on ws://127.0.0.1:9150\r\n"}}
[debug] [2026-05-18T06:20:21.443Z] 
API endpoint: http:// {"metadata":{"emulator":{"name":"firestore"},"message":"\nAPI endpoint: http://"}}
[debug] [2026-05-18T06:20:21.443Z] 127.0.0.1:8080
Database Edition: STANDARD
Database Mode: CLOUD_FIRESTORE

If you are using a library that supports the FIRESTORE_EMULATOR_HOST environment variable, run:

   export FIRESTORE_EMULATOR_HOST=127.0.0.1:8080

If you are running a Firestore in Datastore Mode project, run:

   export DATASTORE_EMULATOR_HOST=127.0.0.1:8080

 {"metadata":{"emulator":{"name":"firestore"},"message":"127.0.0.1:8080\nDatabase Edition: STANDARD\nDatabase Mode: CLOUD_FIRESTORE\n\nIf you are using a library that supports the FIRESTORE_EMULATOR_HOST environment variable, run:\r\n\n   export FIRESTORE_EMULATOR_HOST=127.0.0.1:8080\n\nIf you are running a Firestore in Datastore Mode project, run:\r\n\n   export DATASTORE_EMULATOR_HOST=127.0.0.1:8080\n\n"}}
[debug] [2026-05-18T06:20:21.443Z] Note: Support for Datastore Mode is in preview. If you encounter any bugs please file at https://github.com/firebase/firebase-tools/issues.
Dev App Server is now running.

 {"metadata":{"emulator":{"name":"firestore"},"message":"Note: Support for Datastore Mode is in preview. If you encounter any bugs please file at https://github.com/firebase/firebase-tools/issues.\r\nDev App Server is now running.\n\r\n"}}
[info] +  firestore: Firestore Emulator was started in standard edition. {"metadata":{"emulator":{"name":"firestore"},"message":"Firestore Emulator was started in standard edition."}}
[info] +  firestore: Firestore Emulator UI websocket is running on 9150. {"metadata":{"emulator":{"name":"firestore"},"message":"Firestore Emulator UI websocket is running on 9150."}}
[info] i  ui: downloading ui-v1.15.0.zip... {"metadata":{"emulator":{"name":"ui"},"message":"downloading ui-v1.15.0.zip..."}}
[debug] [2026-05-18T06:20:27.568Z] >>> [apiv2][query] GET https://storage.googleapis.com/firebase-preview-drop/emulator/ui-v1.15.0.zip 
[debug] [2026-05-18T06:20:27.933Z] <<< [apiv2][status] GET https://storage.googleapis.com/firebase-preview-drop/emulator/ui-v1.15.0.zip 200
[debug] [2026-05-18T06:20:27.933Z] <<< [apiv2][body] GET https://storage.googleapis.com/firebase-preview-drop/emulator/ui-v1.15.0.zip [stream]
[debug] [2026-05-18T06:20:28.297Z] Data is 3538469
[debug] [2026-05-18T06:20:28.298Z] [unzip] Entry: client/ (compressed_size=0 bytes, uncompressed_size=0 bytes)
[debug] [2026-05-18T06:20:28.298Z] [unzip] Processing entry: client\
[debug] [2026-05-18T06:20:28.298Z] [unzip] mkdir: C:\Users\Jhonatan\.cache\firebase\emulators\ui-v1.15.0\client\
[debug] [2026-05-18T06:20:28.299Z] [unzip] Entry: client/favicon-16x16.png (compressed_size=293 bytes, uncompressed_size=293 bytes)
[debug] [2026-05-18T06:20:28.300Z] [unzip] Processing entry: client\favicon-16x16.png
[debug] [2026-05-18T06:20:28.300Z] [unzip] else mkdir: C:\Users\Jhonatan\.cache\firebase\emulators\ui-v1.15.0\client
[debug] [2026-05-18T06:20:28.300Z] [unzip] Writing file: C:\Users\Jhonatan\.cache\firebase\emulators\ui-v1.15.0\client\favicon-16x16.png
[debug] [2026-05-18T06:20:28.301Z] [unzip] Entry: client/safari-pinned-tab.svg (compressed_size=1433 bytes, uncompressed_size=2611 bytes)
[debug] [2026-05-18T06:20:28.301Z] [unzip] Processing entry: client\safari-pinned-tab.svg
[debug] [2026-05-18T06:20:28.301Z] [unzip] else mkdir: C:\Users\Jhonatan\.cache\firebase\emulators\ui-v1.15.0\client
[debug] [2026-05-18T06:20:28.302Z] [unzip] deflating: C:\Users\Jhonatan\.cache\firebase\emulators\ui-v1.15.0\client\safari-pinned-tab.svg
[debug] [2026-05-18T06:20:28.341Z] [unzip] Entry: client/favicon.ico (compressed_size=2933 bytes, uncompressed_size=13294 bytes)
[debug] [2026-05-18T06:20:28.341Z] [unzip] Processing entry: client\favicon.ico
[debug] [2026-05-18T06:20:28.342Z] [unzip] else mkdir: C:\Users\Jhonatan\.cache\firebase\emulators\ui-v1.15.0\client
[debug] [2026-05-18T06:20:28.342Z] [unzip] deflating: C:\Users\Jhonatan\.cache\firebase\emulators\ui-v1.15.0\client\favicon.ico
[debug] [2026-05-18T06:20:28.343Z] [unzip] Entry: client/index.html (compressed_size=1364 bytes, uncompressed_size=3071 bytes)
[debug] [2026-05-18T06:20:28.343Z] [unzip] Processing entry: client\index.html
[debug] [2026-05-18T06:20:28.343Z] [unzip] else mkdir: C:\Users\Jhonatan\.cache\firebase\emulators\ui-v1.15.0\client
[debug] [2026-05-18T06:20:28.343Z] [unzip] deflating: C:\Users\Jhonatan\.cache\firebase\emulators\ui-v1.15.0\client\index.html
[debug] [2026-05-18T06:20:28.344Z] [unzip] Entry: client/android-chrome-192x192.png (compressed_size=2684 bytes, uncompressed_size=2684 bytes)
[debug] [2026-05-18T06:20:28.344Z] [unzip] Processing entry: client\android-chrome-192x192.png
[debug] [2026-05-18T06:20:28.344Z] [unzip] else mkdir: C:\Users\Jhonatan\.cache\firebase\emulators\ui-v1.15.0\client
[debug] [2026-05-18T06:20:28.345Z] [unzip] Writing file: C:\Users\Jhonatan\.cache\firebase\emulators\ui-v1.15.0\client\android-chrome-192x192.png
[debug] [2026-05-18T06:20:28.345Z] [unzip] Entry: client/apple-touch-icon.png (compressed_size=2123 bytes, uncompressed_size=2152 bytes)
[debug] [2026-05-18T06:20:28.346Z] [unzip] Processing entry: client\apple-touch-icon.png
[debug] [2026-05-18T06:20:28.346Z] [unzip] else mkdir: C:\Users\Jhonatan\.cache\firebase\emulators\ui-v1.15.0\client
[debug] [2026-05-18T06:20:28.346Z] [unzip] deflating: C:\Users\Jhonatan\.cache\firebase\emulators\ui-v1.15.0\client\apple-touch-icon.png
[debug] [2026-05-18T06:20:28.347Z] [unzip] Entry: client/android-chrome-512x512.png (compressed_size=5369 bytes, uncompressed_size=5411 bytes)
[debug] [2026-05-18T06:20:28.347Z] [unzip] Processing entry: client\android-chrome-512x512.png
[debug] [2026-05-18T06:20:28.347Z] [unzip] else mkdir: C:\Users\Jhonatan\.cache\firebase\emulators\ui-v1.15.0\client
[debug] [2026-05-18T06:20:28.347Z] [unzip] deflating: C:\Users\Jhonatan\.cache\firebase\emulators\ui-v1.15.0\client\android-chrome-512x512.png
[debug] [2026-05-18T06:20:28.349Z] [unzip] Entry: client/manifest.json (compressed_size=245 bytes, uncompressed_size=551 bytes)
[debug] [2026-05-18T06:20:28.349Z] [unzip] Processing entry: client\manifest.json
[debug] [2026-05-18T06:20:28.349Z] [unzip] else mkdir: C:\Users\Jhonatan\.cache\firebase\emulators\ui-v1.15.0\client
[debug] [2026-05-18T06:20:28.349Z] [unzip] deflating: C:\Users\Jhonatan\.cache\firebase\emulators\ui-v1.15.0\client\manifest.json
[debug] [2026-05-18T06:20:28.350Z] [unzip] Entry: client/robots.txt (compressed_size=26 bytes, uncompressed_size=26 bytes)
[debug] [2026-05-18T06:20:28.350Z] [unzip] Processing entry: client\robots.txt
[debug] [2026-05-18T06:20:28.350Z] [unzip] else mkdir: C:\Users\Jhonatan\.cache\firebase\emulators\ui-v1.15.0\client
[debug] [2026-05-18T06:20:28.351Z] [unzip] Writing file: C:\Users\Jhonatan\.cache\firebase\emulators\ui-v1.15.0\client\robots.txt
[debug] [2026-05-18T06:20:28.352Z] [unzip] Entry: client/mstile-150x150.png (compressed_size=2034 bytes, uncompressed_size=2034 bytes)
[debug] [2026-05-18T06:20:28.352Z] [unzip] Processing entry: client\mstile-150x150.png
[debug] [2026-05-18T06:20:28.352Z] [unzip] else mkdir: C:\Users\Jhonatan\.cache\firebase\emulators\ui-v1.15.0\client
[debug] [2026-05-18T06:20:28.352Z] [unzip] Writing file: C:\Users\Jhonatan\.cache\firebase\emulators\ui-v1.15.0\client\mstile-150x150.png
[debug] [2026-05-18T06:20:28.353Z] [unzip] Entry: client/assets/ (compressed_size=0 bytes, uncompressed_size=0 bytes)
[debug] [2026-05-18T06:20:28.353Z] [unzip] Processing entry: client\assets\
[debug] [2026-05-18T06:20:28.353Z] [unzip] mkdir: C:\Users\Jhonatan\.cache\firebase\emulators\ui-v1.15.0\client\assets\
[debug] [2026-05-18T06:20:28.354Z] [unzip] Entry: client/assets/index-BX-A56oj.js (compressed_size=582089 bytes, uncompressed_size=2092775 bytes)
[debug] [2026-05-18T06:20:28.354Z] [unzip] Processing entry: client\assets\index-BX-A56oj.js
[debug] [2026-05-18T06:20:28.354Z] [unzip] else mkdir: C:\Users\Jhonatan\.cache\firebase\emulators\ui-v1.15.0\client\assets
[debug] [2026-05-18T06:20:28.355Z] [unzip] deflating: C:\Users\Jhonatan\.cache\firebase\emulators\ui-v1.15.0\client\assets\index-BX-A56oj.js
[debug] [2026-05-18T06:20:28.366Z] [unzip] Entry: client/assets/index-CjB9C900.css (compressed_size=35979 bytes, uncompressed_size=298654 bytes)
[debug] [2026-05-18T06:20:28.366Z] [unzip] Processing entry: client\assets\index-CjB9C900.css
[debug] [2026-05-18T06:20:28.366Z] [unzip] else mkdir: C:\Users\Jhonatan\.cache\firebase\emulators\ui-v1.15.0\client\assets
[debug] [2026-05-18T06:20:28.367Z] [unzip] deflating: C:\Users\Jhonatan\.cache\firebase\emulators\ui-v1.15.0\client\assets\index-CjB9C900.css
[debug] [2026-05-18T06:20:28.370Z] [unzip] Entry: client/assets/index-BX-A56oj.js.map (compressed_size=2362482 bytes, uncompressed_size=10036679 bytes)
[debug] [2026-05-18T06:20:28.370Z] [unzip] Processing entry: client\assets\index-BX-A56oj.js.map
[debug] [2026-05-18T06:20:28.371Z] [unzip] else mkdir: C:\Users\Jhonatan\.cache\firebase\emulators\ui-v1.15.0\client\assets
[debug] [2026-05-18T06:20:28.371Z] [unzip] deflating: C:\Users\Jhonatan\.cache\firebase\emulators\ui-v1.15.0\client\assets\index-BX-A56oj.js.map
[debug] [2026-05-18T06:20:28.451Z] [unzip] Entry: client/assets/extensions/ (compressed_size=0 bytes, uncompressed_size=0 bytes)
[debug] [2026-05-18T06:20:28.451Z] [unzip] Processing entry: client\assets\extensions\
[debug] [2026-05-18T06:20:28.451Z] [unzip] mkdir: C:\Users\Jhonatan\.cache\firebase\emulators\ui-v1.15.0\client\assets\extensions\
[debug] [2026-05-18T06:20:28.452Z] [unzip] Entry: client/assets/extensions/default-extension.png (compressed_size=1646 bytes, uncompressed_size=1657 bytes)
[debug] [2026-05-18T06:20:28.452Z] [unzip] Processing entry: client\assets\extensions\default-extension.png
[debug] [2026-05-18T06:20:28.452Z] [unzip] else mkdir: C:\Users\Jhonatan\.cache\firebase\emulators\ui-v1.15.0\client\assets\extensions
[debug] [2026-05-18T06:20:28.452Z] [unzip] deflating: C:\Users\Jhonatan\.cache\firebase\emulators\ui-v1.15.0\client\assets\extensions\default-extension.png
[debug] [2026-05-18T06:20:28.453Z] [unzip] Entry: client/assets/img/ (compressed_size=0 bytes, uncompressed_size=0 bytes)
[debug] [2026-05-18T06:20:28.454Z] [unzip] Processing entry: client\assets\img\
[debug] [2026-05-18T06:20:28.454Z] [unzip] mkdir: C:\Users\Jhonatan\.cache\firebase\emulators\ui-v1.15.0\client\assets\img\
[debug] [2026-05-18T06:20:28.454Z] [unzip] Entry: client/assets/img/database.png (compressed_size=29449 bytes, uncompressed_size=29988 bytes)
[debug] [2026-05-18T06:20:28.454Z] [unzip] Processing entry: client\assets\img\database.png
[debug] [2026-05-18T06:20:28.454Z] [unzip] else mkdir: C:\Users\Jhonatan\.cache\firebase\emulators\ui-v1.15.0\client\assets\img
[debug] [2026-05-18T06:20:28.454Z] [unzip] deflating: C:\Users\Jhonatan\.cache\firebase\emulators\ui-v1.15.0\client\assets\img\database.png
[debug] [2026-05-18T06:20:28.455Z] [unzip] Entry: client/assets/provider-icons/ (compressed_size=0 bytes, uncompressed_size=0 bytes)
[debug] [2026-05-18T06:20:28.456Z] [unzip] Processing entry: client\assets\provider-icons\
[debug] [2026-05-18T06:20:28.456Z] [unzip] mkdir: C:\Users\Jhonatan\.cache\firebase\emulators\ui-v1.15.0\client\assets\provider-icons\
[debug] [2026-05-18T06:20:28.456Z] [unzip] Entry: client/assets/provider-icons/auth_service_saml.svg (compressed_size=575 bytes, uncompressed_size=1226 bytes)
[debug] [2026-05-18T06:20:28.456Z] [unzip] Processing entry: client\assets\provider-icons\auth_service_saml.svg
[debug] [2026-05-18T06:20:28.456Z] [unzip] else mkdir: C:\Users\Jhonatan\.cache\firebase\emulators\ui-v1.15.0\client\assets\provider-icons
[debug] [2026-05-18T06:20:28.456Z] [unzip] deflating: C:\Users\Jhonatan\.cache\firebase\emulators\ui-v1.15.0\client\assets\provider-icons\auth_service_saml.svg
[debug] [2026-05-18T06:20:28.457Z] [unzip] Entry: client/assets/provider-icons/auth_service_phone.svg (compressed_size=261 bytes, uncompressed_size=414 bytes)
[debug] [2026-05-18T06:20:28.457Z] [unzip] Processing entry: client\assets\provider-icons\auth_service_phone.svg
[debug] [2026-05-18T06:20:28.457Z] [unzip] else mkdir: C:\Users\Jhonatan\.cache\firebase\emulators\ui-v1.15.0\client\assets\provider-icons
[debug] [2026-05-18T06:20:28.457Z] [unzip] deflating: C:\Users\Jhonatan\.cache\firebase\emulators\ui-v1.15.0\client\assets\provider-icons\auth_service_phone.svg
[debug] [2026-05-18T06:20:28.457Z] [unzip] Entry: client/assets/provider-icons/auth_service_facebook.svg (compressed_size=289 bytes, uncompressed_size=457 bytes)
[debug] [2026-05-18T06:20:28.458Z] [unzip] Processing entry: client\assets\provider-icons\auth_service_facebook.svg
[debug] [2026-05-18T06:20:28.458Z] [unzip] else mkdir: C:\Users\Jhonatan\.cache\firebase\emulators\ui-v1.15.0\client\assets\provider-icons
[debug] [2026-05-18T06:20:28.458Z] [unzip] deflating: C:\Users\Jhonatan\.cache\firebase\emulators\ui-v1.15.0\client\assets\provider-icons\auth_service_facebook.svg
[debug] [2026-05-18T06:20:28.465Z] [unzip] Entry: client/assets/provider-icons/auth_service_game_center.svg (compressed_size=991 bytes, uncompressed_size=3921 bytes)
[debug] [2026-05-18T06:20:28.466Z] [unzip] Processing entry: client\assets\provider-icons\auth_service_game_center.svg
[debug] [2026-05-18T06:20:28.466Z] [unzip] else mkdir: C:\Users\Jhonatan\.cache\firebase\emulators\ui-v1.15.0\client\assets\provider-icons
[debug] [2026-05-18T06:20:28.466Z] [unzip] deflating: C:\Users\Jhonatan\.cache\firebase\emulators\ui-v1.15.0\client\assets\provider-icons\auth_service_game_center.svg
[debug] [2026-05-18T06:20:28.467Z] [unzip] Entry: client/assets/provider-icons/auth_service_apple.svg (compressed_size=230 bytes, uncompressed_size=334 bytes)
[debug] [2026-05-18T06:20:28.467Z] [unzip] Processing entry: client\assets\provider-icons\auth_service_apple.svg
[debug] [2026-05-18T06:20:28.467Z] [unzip] else mkdir: C:\Users\Jhonatan\.cache\firebase\emulators\ui-v1.15.0\client\assets\provider-icons
[debug] [2026-05-18T06:20:28.467Z] [unzip] deflating: C:\Users\Jhonatan\.cache\firebase\emulators\ui-v1.15.0\client\assets\provider-icons\auth_service_apple.svg
[debug] [2026-05-18T06:20:28.468Z] [unzip] Entry: client/assets/provider-icons/auth_service_github.svg (compressed_size=466 bytes, uncompressed_size=838 bytes)
[debug] [2026-05-18T06:20:28.468Z] [unzip] Processing entry: client\assets\provider-icons\auth_service_github.svg
[debug] [2026-05-18T06:20:28.468Z] [unzip] else mkdir: C:\Users\Jhonatan\.cache\firebase\emulators\ui-v1.15.0\client\assets\provider-icons
[debug] [2026-05-18T06:20:28.468Z] [unzip] deflating: C:\Users\Jhonatan\.cache\firebase\emulators\ui-v1.15.0\client\assets\provider-icons\auth_service_github.svg
[debug] [2026-05-18T06:20:28.469Z] [unzip] Entry: client/assets/provider-icons/auth_service_mslive.svg (compressed_size=203 bytes, uncompressed_size=378 bytes)
[debug] [2026-05-18T06:20:28.469Z] [unzip] Processing entry: client\assets\provider-icons\auth_service_mslive.svg
[debug] [2026-05-18T06:20:28.469Z] [unzip] else mkdir: C:\Users\Jhonatan\.cache\firebase\emulators\ui-v1.15.0\client\assets\provider-icons
[debug] [2026-05-18T06:20:28.469Z] [unzip] deflating: C:\Users\Jhonatan\.cache\firebase\emulators\ui-v1.15.0\client\assets\provider-icons\auth_service_mslive.svg
[debug] [2026-05-18T06:20:28.470Z] [unzip] Entry: client/assets/provider-icons/auth_service_yahoo.svg (compressed_size=577 bytes, uncompressed_size=1182 bytes)
[debug] [2026-05-18T06:20:28.470Z] [unzip] Processing entry: client\assets\provider-icons\auth_service_yahoo.svg
[debug] [2026-05-18T06:20:28.470Z] [unzip] else mkdir: C:\Users\Jhonatan\.cache\firebase\emulators\ui-v1.15.0\client\assets\provider-icons
[debug] [2026-05-18T06:20:28.471Z] [unzip] deflating: C:\Users\Jhonatan\.cache\firebase\emulators\ui-v1.15.0\client\assets\provider-icons\auth_service_yahoo.svg
[debug] [2026-05-18T06:20:28.471Z] [unzip] Entry: client/assets/provider-icons/auth_service_twitter.svg (compressed_size=444 bytes, uncompressed_size=751 bytes)
[debug] [2026-05-18T06:20:28.471Z] [unzip] Processing entry: client\assets\provider-icons\auth_service_twitter.svg
[debug] [2026-05-18T06:20:28.471Z] [unzip] else mkdir: C:\Users\Jhonatan\.cache\firebase\emulators\ui-v1.15.0\client\assets\provider-icons
[debug] [2026-05-18T06:20:28.471Z] [unzip] deflating: C:\Users\Jhonatan\.cache\firebase\emulators\ui-v1.15.0\client\assets\provider-icons\auth_service_twitter.svg
[debug] [2026-05-18T06:20:28.472Z] [unzip] Entry: client/assets/provider-icons/auth_service_play_games.svg (compressed_size=565 bytes, uncompressed_size=1173 bytes)
[debug] [2026-05-18T06:20:28.472Z] [unzip] Processing entry: client\assets\provider-icons\auth_service_play_games.svg
[debug] [2026-05-18T06:20:28.472Z] [unzip] else mkdir: C:\Users\Jhonatan\.cache\firebase\emulators\ui-v1.15.0\client\assets\provider-icons
[debug] [2026-05-18T06:20:28.472Z] [unzip] deflating: C:\Users\Jhonatan\.cache\firebase\emulators\ui-v1.15.0\client\assets\provider-icons\auth_service_play_games.svg
[debug] [2026-05-18T06:20:28.473Z] [unzip] Entry: client/assets/provider-icons/auth_service_email.svg (compressed_size=228 bytes, uncompressed_size=326 bytes)
[debug] [2026-05-18T06:20:28.473Z] [unzip] Processing entry: client\assets\provider-icons\auth_service_email.svg
[debug] [2026-05-18T06:20:28.473Z] [unzip] else mkdir: C:\Users\Jhonatan\.cache\firebase\emulators\ui-v1.15.0\client\assets\provider-icons
[debug] [2026-05-18T06:20:28.473Z] [unzip] deflating: C:\Users\Jhonatan\.cache\firebase\emulators\ui-v1.15.0\client\assets\provider-icons\auth_service_email.svg
[debug] [2026-05-18T06:20:28.474Z] [unzip] Entry: client/assets/provider-icons/auth_service_google.svg (compressed_size=409 bytes, uncompressed_size=720 bytes)
[debug] [2026-05-18T06:20:28.474Z] [unzip] Processing entry: client\assets\provider-icons\auth_service_google.svg
[debug] [2026-05-18T06:20:28.474Z] [unzip] else mkdir: C:\Users\Jhonatan\.cache\firebase\emulators\ui-v1.15.0\client\assets\provider-icons
[debug] [2026-05-18T06:20:28.475Z] [unzip] deflating: C:\Users\Jhonatan\.cache\firebase\emulators\ui-v1.15.0\client\assets\provider-icons\auth_service_google.svg
[debug] [2026-05-18T06:20:28.475Z] [unzip] Entry: client/assets/provider-icons/auth_service_oidc.svg (compressed_size=414 bytes, uncompressed_size=858 bytes)
[debug] [2026-05-18T06:20:28.475Z] [unzip] Processing entry: client\assets\provider-icons\auth_service_oidc.svg
[debug] [2026-05-18T06:20:28.475Z] [unzip] else mkdir: C:\Users\Jhonatan\.cache\firebase\emulators\ui-v1.15.0\client\assets\provider-icons
[debug] [2026-05-18T06:20:28.476Z] [unzip] deflating: C:\Users\Jhonatan\.cache\firebase\emulators\ui-v1.15.0\client\assets\provider-icons\auth_service_oidc.svg
[debug] [2026-05-18T06:20:28.476Z] [unzip] Entry: client/browserconfig.xml (compressed_size=491 bytes, uncompressed_size=822 bytes)
[debug] [2026-05-18T06:20:28.477Z] [unzip] Processing entry: client\browserconfig.xml
[debug] [2026-05-18T06:20:28.477Z] [unzip] else mkdir: C:\Users\Jhonatan\.cache\firebase\emulators\ui-v1.15.0\client
[debug] [2026-05-18T06:20:28.477Z] [unzip] deflating: C:\Users\Jhonatan\.cache\firebase\emulators\ui-v1.15.0\client\browserconfig.xml
[debug] [2026-05-18T06:20:28.478Z] [unzip] Entry: client/favicon-32x32.png (compressed_size=475 bytes, uncompressed_size=475 bytes)
[debug] [2026-05-18T06:20:28.478Z] [unzip] Processing entry: client\favicon-32x32.png
[debug] [2026-05-18T06:20:28.478Z] [unzip] else mkdir: C:\Users\Jhonatan\.cache\firebase\emulators\ui-v1.15.0\client
[debug] [2026-05-18T06:20:28.478Z] [unzip] Writing file: C:\Users\Jhonatan\.cache\firebase\emulators\ui-v1.15.0\client\favicon-32x32.png
[debug] [2026-05-18T06:20:28.479Z] [unzip] Entry: server/ (compressed_size=0 bytes, uncompressed_size=0 bytes)
[debug] [2026-05-18T06:20:28.479Z] [unzip] Processing entry: server\
[debug] [2026-05-18T06:20:28.479Z] [unzip] mkdir: C:\Users\Jhonatan\.cache\firebase\emulators\ui-v1.15.0\server\
[debug] [2026-05-18T06:20:28.479Z] [unzip] Entry: server/server.mjs.map (compressed_size=217845 bytes, uncompressed_size=944978 bytes)
[debug] [2026-05-18T06:20:28.479Z] [unzip] Processing entry: server\server.mjs.map
[debug] [2026-05-18T06:20:28.479Z] [unzip] else mkdir: C:\Users\Jhonatan\.cache\firebase\emulators\ui-v1.15.0\server
[debug] [2026-05-18T06:20:28.480Z] [unzip] deflating: C:\Users\Jhonatan\.cache\firebase\emulators\ui-v1.15.0\server\server.mjs.map
[debug] [2026-05-18T06:20:28.485Z] [unzip] Entry: server/server.mjs (compressed_size=276407 bytes, uncompressed_size=933701 bytes)
[debug] [2026-05-18T06:20:28.485Z] [unzip] Processing entry: server\server.mjs
[debug] [2026-05-18T06:20:28.485Z] [unzip] else mkdir: C:\Users\Jhonatan\.cache\firebase\emulators\ui-v1.15.0\server
[debug] [2026-05-18T06:20:28.485Z] [unzip] deflating: C:\Users\Jhonatan\.cache\firebase\emulators\ui-v1.15.0\server\server.mjs
[debug] [2026-05-18T06:20:28.577Z] Could not find VSCode notification endpoint: FetchError: request to http://localhost:40001/vscode/notify failed, reason: . If you are not running the Firebase SQL Connect VSCode extension, this is expected and not an issue.
[info] 
┌─────────────────────────────────────────────────────────────┐
│ ✔  All emulators ready! It is now safe to connect your app. │
│ i  View Emulator UI at http://127.0.0.1:4000/               │
└─────────────────────────────────────────────────────────────┘

┌────────────────┬────────────────┬─────────────────────────────────┐
│ Emulator       │ Host:Port      │ View in Emulator UI             │
├────────────────┼────────────────┼─────────────────────────────────┤
│ Authentication │ 127.0.0.1:9099 │ http://127.0.0.1:4000/auth      │
├────────────────┼────────────────┼─────────────────────────────────┤
│ Firestore      │ 127.0.0.1:8080 │ http://127.0.0.1:4000/firestore │
└────────────────┴────────────────┴─────────────────────────────────┘
  Emulator Hub host: 127.0.0.1 port: 4400
  Other reserved ports: 4500, 9150

Issues? Report them at https://github.com/firebase/firebase-tools/issues and attach the *-debug.log files.
 
